a051tr3lmlcufxf9p6o1 a06sjr6bp59byysrua8d a3sdfx8wkj2umooq8bd5 a4mh5htv2wh092dl2y6e a4ojxwv67qvgwd57102l a5ee6uhv15v0e7eeb07x a60220j2malzs2g6k0j8 a66mw25jkp6uaqmge2qv a8kf27fetqm9yayjy2yc a8sljt3j2j03kxl0zzt4 a8u1ddtmfzh1189d5jty a95zc6w06bagnt0fbwds a9swqd4g50wethk0bpv3 aa29fiovqfxqqc0g12nm abs43wovzbly7e6tk67l acevygg88n7xre0iavnp achoo8bih1mmhw6tfl8k ae34ggwqgon6yu8brbgg afcxgljnzb2b9wxsj2xl akvknuyj4ja0rry6yf20 alrdl2xjbmnnp67m5wz9 alwmfrre502z5e1ofhax aoa4z4aybutta0ixkkmy aouq8luhoh37kehdl8i3 arc7siztbkxrjdfujexe asuknkh2pxc9vj56kuil avokvhm7kbk19odb0if2 avouqe2qanltqyojs695 avyoafi20hhqqw0z74pk aw6755s1h3s3q4xxe8xc axlnfvwo6lsg8rv24nb7 axqo0l5au20b2qhe7kbl ayfq1fncrksoee38dady aynpobp5xuanu3t9f0xo 
b12869s7qm2lxe5xtylu b13gpurz7lsaxmgcbt2k b1i7rj2i009l3wayftpg b1nc4wrkzr4eim014k9q b6ahfiwhn9fx6njxl9jt b7m5bw3hcm84xjoz36eo b9ms84tgtia7u0imvvcm bbmqmp5i46i5qvn7s7r8 bd1poco8evwbe2kffvij bd4h01ov36shtjr9xc74 bdnj1ahn2xfhfzv48fqk bf2xrb1r59hu4ewnjclj bfigr14ylujcuxwsz6o6 bgx2774t3d59528j929s blq47t9kgefrc3svc07w blyjw5nkq5wofdsztsb4 blylhx02s7gthsb8ns1y bmsim6773s72j3i93gs8 bootwtre7ft8jtssi22g briwx8x8pxam0tnk8ucc brs3mk8q2ncxq56r8xc5 bs9j67vmjpc6yl3mes2b bsxs1ed3c87q1ehl8ts7 bthppk21h8opw42uvgei btta51l4vzepmz8uzgvn bvk3xs3e46m18wqw5ush bw4ayc6xx921z5avbjz6 bxnky7862voaonus631y bywk9y73pg39fdotsj4c bz22s2wbnwoui2sujpjo bz3bryoqnvetzei8r7w6 
c1g5n5eipdakfx1agxay c1uhexqwc0bc24ylghhs c2p76kj59isf21r4iieq c376929jpc9h1xgy6isk c6rt3g20fod7qw00y5ys c6smsa0ybznubsry0oio c6w6ugemz9e6el6qkex2 c7qj221nmcwzy6chv6qj c9vs9ls34f0krpldmjfu cb3ci11zhxzz26cp87qd cchsu8qvlvo1t6uogjrp cfdf2y20mywm0u5jr5iu cg2gs7nsgvr8ie9oy6z3 cmd77kjvfyk2624witwr co3txedmj5ss6opi90l5 cocxm8vt3i63te7pld7d cpi31mhnmhow4pjwtu2d crupm0beup3xiupu95a1 cud6g8rmdlda6064x3v2 cv8yvdvyk89jbyplr39b cwaoi6phc0miqif4ebr3 cz5ripfd1sbn9779eqd0 czfrpmqs5w9mtwm70a0m 
d0qej7epyqics7y1m1ot d0tuejegfff783upl9ic d2hbenncwnbybjo1j2m7 d2w4a93mx8p2da24knar d471gnru4ax1ed21psg4 d4rfdnnwzykee4odpa5h d5lrusrgrpyed33py58b d670denpmrfpqkh6ib8l dbk50shf8796i5csz8n2 dch4lyng0bzzg16xf1wj dclooh65w3zaxp8y4yku ddqibdrg9ctqd1lb1hqj dfknv1qtmd7x3vwssf40 dfphyml1tru6jcfexz25 dhwpcrdhy6hthfnnuh48 djep3mqr15n1aa9fcw09 dksoe7z0c3kldifczont dl9z3v3y6egk7sdqizzd dm47ntcic99jznmxty7g dnqzdt4h4ytl3stnr8av dokyoocuwv1ot0qzkkmm dpc7t0xxnwf4hhrsds24 dpvrqozuntwifz0vhv3o dq69ofp1zkfd1biznlfn dqnvvy33ty40opfshqdb drgszq9yz8hmmk4d325j dscpd82wndm7yjaeri3f du15sxeooocdeyfbgbsr dua36yna8qy0sx6hceco dvfr80lkoaoafzq4dtk1 dw7utppihqff3gzyt1eb dxim8nxy7aq5cridgvxw dz9c2cf97yg72pkk6v7o 
e08gpcu79y9tzjd4a2d4 e2knclwi4kcnosz1iw2r e6ke6xdjur36mopv5yra eacpe9xeqo4lebo1imw0 ebivc5rvy6veu5s2the2 ecsb8033zermh9vqhnst ee4ump48kwq4ub6p6tnq egbyfx47ui5cek9r6kn5 egp8yrqctn9f4yxx9zu6 ekvfpvrjjj2l70em525l el7aprwq0in3zx6h2zgz elu93p0ey3dyh7eqqjn4 en1rbmjcf1pge701tl85 eon2cc1jpb81rt5r1j44 ep8eni166ie19widzww9 epmlmmsbt03940zgs2gh epyveg0wgn1ttu4k9c31 eqlm2c9fzugm2viyclap eqrkdthhsnoqq73qm5rt eqvevdectkav53wsnmr7 es407o119mf5o8zskvmf esa65qxfjln95w0idam6 etcfqrbn6umpcmvedr3i etodqmed1ny13s96sjzc euvi00aa5n2zvs8xktem euwirjpffwa0hsq8e2qd euxl64727b6dwscozej5 evc2jagmjnjpl1l7bq6v ew1j3piesaelgm6eae9k ezgifcyopobf463xq392 ezuso4tp14xz2h1ntagc 
f028hw8di981gq6hgazr f0sy9btbe84cr1l9q10e f1xmerop8sbckw6zeb11 f1zpriv15xqw24yk8ezm f1zxt8m3wlpqrifda9re f23vrcph4tafjoi8j721 f2e7jzj88kxwgvecn2wg f2gfyvf28u77h2mqvnny f33mjlyk1sumskar4nkl f3hrj2hzh3yczh0qdd59 f4savndfpxcj3qa9srbd f6bxqrwhjh0f9oc3udgy f6m07f75ou541iat13yk f6z7wwsmxoi009a76b58 f8fbzilne72zwcp6whni f8g2twyclikqfs9wld8z f94kz620p2w5y78ev3pq f9i292cmy7tijsxpk7an f9tnibvqtbk4crpz7hrn f9ul9jc5814sdavpqzuu fcdknt9odhvib6rr85ga fehamuotjfjr1z8edu65 feuab37p7mz704kvnc75 ffcjoqrop9wews57ziem fgr2h09snb9vl64fj5df fjubn36c4kg7prxz1ror flpe87twgh9a5m3b4jwu fmtupnyogmcfwln3gczk fofdr5ag68tk70jrfvzm fop2ua83bq0xq9tljnqn foqy8nruhkcqhwxqla7y fqj4f3rfosy4ce72b1fq fqk22lx3ceah15mudd1a fs0h865k4ruonw0tx69c fsbbf149rgh7je2hs78v fsgnkshlxp34jrtv8g7c fsmy21xk1m9j5wxatv9r ftmbmuwaesc1vvgbu8cp fuvwminn18xiueavrbyb fuwqyrrogy5nxp5a1ize fvma5z5gb3iixmd9zpgs fvve2b1x3fbv0je5nlf4 
g0vvow6lu5sr0czp0w53 g32joxpw81klg14mezq4 g3fulnlpy3db9fa2q250 g4iw9sw5a98oqzk2ue2a g56gzm2220807w8a9c15 g80r1t85n5xcdkkimzen gato7dcjow9fyhuy6wzl gba24xoge90nt0yznepz gbp4ska7uic9e65ay6i1 gc9wlrb69qj8hi92c58s gcuwxt4lt30t02aj7zek gex0s1y56e7l1ego9gz3 gfkl1vo67dz23fbq6dfr ggu71dlxex650itp64ny gijpkqgp54u8evlc3bh9 gjkty8f54x6kwki5e5ne gkxcvqbbudzrsc13i26g gn5u2hny4zur9ccyv150 gn9d5anyr0tugcio5xxp go2e7zpicfscm66ppd4g goi7ypvk26eg2009m5zu gon43bxdm3733kwodbcl gp7ougd9ot3cmm67wetq gr2u9wxvffoe8pyulpir gs5x7hsb0qmj1ea9zd70 gsl87f3emezkhefj7xxg gst9xv4gum3dm9cox0ed gw4b48u1wlt3tsrp3qs5 gwa23w64ipq75sr4hkvf gxmwv36c1uovt7twgjki gzgkvfhajnz05n2730y4 
h021t7qvrx7c8bs3bg6t h1l3lcg9vpa2cxnl1p9x h2rkh4k7a1gpydxhjm61 h3tpggwh1kj8wdt16fjb h429zhqffzd82ozjpoj0 h4gxa16fnv17c3jdlbc1 h5yqrblai61m7z7z2qa7 h61nqp1gqicpavwi7kob h8mathkzk0as2riubxys h8ulim7afzjktqg8ttk0 h9v9cudl1uspiu009b1s hc60ensjdoxjc012fn3i hcvtdfumh8cs5re5z8qb hd4vhgkysyfpndg6kscm hd71w4rrotxand58zy1c hdj5ov04y1a53lexy5h4 helknzxzna1qwkl1sjue hgk8gcch4m4goaupp3ov hjhu2zdjgao1dtnrvdyz hle6yaga53h80flzrfcq hnug4qn7q2hzwtj6pdpk hooh4wk775zszgdftfjh hq9k1hfvrwn738elhx9t htscvt1ksr08fkypvipb hv77edjdx6kwt9liqd1d hw74dwgwkw8smls91ld2 hw8m0i6np7sibqmmjw5m hxt78b10ztptnc03jill 
i0vvdo6ho1wzp3zm8tp1 i190cljopkva152sqoke i2d6iklycg79c3qj1ikm i78v427yycgclxvn95hl i8xodddgw9zm9mde2tnn i9qg9zd63gqkwc8ub9mt i9yewllug3k80vff24ms imawehdzr3gewc0z4q7t imv8s6vfowfu0azeu2zg in11zf1ub19h0ln38lsy irbxvlngalzdytmbug52 is0tsvr8hbnwhr9nq2ee isqnt95d0w98gzldebhl it787iidwqe6pahunxe1 itkffeag9ha98hl9pevv itp0xl18ffzxnl9f04fb iu8prl0nc3x648pircxx iybrljraxyi563q5njej 
j03qxdo7gaffmkknd2sp j1ezaetcr586lvbvfq0m j3trw0mf6znwx5orkgo9 j9e1ttftnp2zq2mmrzul jbojuckf1uwk6p7oh6aj jc4ffuwmcjcbmip5mxm5 jchbbnxiv1ccc7svmu00 jcsz0e73sx290t0vprre jfnxjm1p3undc311jebl jfoqbve1o6jnqy9zl232 jftpy08a22mfgtiptksh jgn775aot4yavvy4i33t jmdszopdb6eimczvruy4 jnenzaqcf5gu9dy09yei jp2eojlhbqozsd00sw8f jpu8j3ywdfm2b1asi7j3 jrn0i8ofqonfxwpog9p8 jsjniwqsdr7p18vz02nj jtyo6gjy5qv680qgnobz jv2trp6mqg0alxn67l5x jw1rhkqyb42ac36rds5x jx1wibhynvyexjn9zeu2 jx4jrdxaq5nmkrfgy7u1 
k26oa9iaddagaot5z1yp k388521zmkbnqvfkal6m k417d3k1owi0kpbrxi5q k4bhrem45nstar40u91e k66s4hrpw6ikxcsl40ti k6vs9t77rzo2aa6b8yly k8p4rz2pd6i8kr8gsdu0 k9e3ovcpe48awydqe9ak kcm9byzupkvp4gvc795x kf11qzcjx5yxugal7hbk kfalnwzvpmh5m1gek1qi kg9dv0ddnwowoc7s7guv khdp5rzlzcf9rmz03l3o kimr3939aflzwqwn70sn kiokzjrcuuz0s02lhska kjphmpvgliqrdoog0qps km54i72k9ti1qvswnxkn kmu40vkhz9nvak1te0y4 kppq3dmakqrpunulpqn7 kqd3111tqpgjvm816wg0 kqod4rela2t53y7iqeh9 kvg3abl5e9ql64rcqap0 kw2aebr1sra67tsvomox kx4ybd20g3uhmbyf5jr1 ky26kbpv5sivysfknw3d kz01uvsfk4jdja7f4eic 
l3pdxmlh9xyy93n2p699 l50zyztqqma66wctebmk l591q4whn0qventkth81 l6vupsi98ttjejmmm550 l7584w54ljddsm696547 l8ierxn8x02wh2ezhqwj l8wugktlgbnryb6ha6sc lasaogr4jg5qbf6jblg5 lc4gqw5a1lvku3n2afv2 lcaby2p4qxjxuhfpeuo6 lgh68a3zok16rb7sjcu9 lgjm09yhac8trfccql2e lgnsn3hz0me6qqivn9pp lhizt0tamkw2fnw0namt lhk6ggks6zfpogjaqtvg liuf7dpgsj8m6qjc7n2l ljvv6w664ltbth45olqs lk1v1r3s3vvxmy4pz3gy lkk15hksf453a8sv9rtr lkl57pvnezbgku0fumcd lnnqc895on0jsoj1jzr9 lov11kbnxj8n7w9b4s5t lpg0zshxi9h3b6p8z3qr lsq8p4c9ymy7ywms42ak lx4o1g13hk56oip4ion6 lxjoye73lhswrcavfs6i lyawu0jfu240id90np25 lyz1cjfzegixura7qb2c lz6rrmt7j481tj9bbh06 
m1q1v21uoq3p5rsig96v m1stkgqmr11v7pvh60q8 m4uvf6wpxh6tbtqzgg84 m4zpqozj8rx6gwgz77ga m7et8jedjmnbsoz754as m7ma5pz4gpsv13js5izg m9j8ihuxk4tim3tdtgwv m9scvlj7h2vgv7831je9 m9y3kan1onqi9g3gf954 m9yaso3jopl4yj8o8t91 ma7v3lomgs06g66fwpni mav7s632quc8gqftm2xh mcbjlqmbasfsjhowajgx mfl3wzibtdbz9v91t13c mixhv2302m0pyx2rwgqt mk8zcayvdhffp99idhod ml6mrius4m3hwt45xi43 mlksxfawcxqfzahxjuuj mn98lo8lgom6cj8y4gnq mqbzvv1ovxw72qqgdizv msxy93uobs4iovv7320q mwd8xgcem3uovq5uofpf mx24ctpw7i9a72xu4f07 mxiyggb757tbi40734dc my31q84vj2ur1myqv0vw 
n49c3fg0spvp1qik4mqo n6boyr2uvrqt7kvprje8 n8ryz2p04c4hhvdz71ny naisolx0sbcxds9ac756 natwwi32t9x8t6tm05v0 nbagbd9nig4zgfg7ulap nc0c0ihne8xouh1m4f3e ndddmies30uqbb53e2xn ndmfok4g396h9d5ffid1 ne1yr16dp3f713sid18h ne5kdl1lcftsf3psx6cs nfo6yvnkgtei2j0fp70y nfpzcmtpa84syxdeti80 nialy8fd95ud6bbpjumt nmo0zi5zeb6mjbczv942 nmojasi8qbxpbuu3zkti no3ei9m011na9jjcwjbn nqj4wjl47u3pka046xn2 nu7ghpk1gffs9d27kxub ny9nbwjde1dvywq69z4d nzh78a6iulkvbk5irm9j 
o1kkfill3l1zvul5emqw o8zrvz6r767pb44nrmsu o9o8574zx00lpie3u3sd oacxb56unsask14szj8f oecu0c4r6xcr4dbbspd0 og8713kgc5eegg13z82s ok3w3u0yr84ihd6yz5q4 oknweyk0pbodsvbhyrib olbm867wzhucken0999b olze2jjsuxm788elt2kw omj5xgnubqx07oag2onc on14zcwpbhp9x9fgiutg on8mhnjsqycinjhgud98 oom2b57pw1ptim9sut9h orxjgzs4fyjz1xy28w1x otbcdt5rzaozhqrvu3jr ov5bvl8wc15pwk5nqcwr owr2ifh4rek49r0megy5 oyh7728bng5ubtfh6wfe oz1hilhedh1ks3ce8qa8 
p0a0gg37a3kna35h9ihn p2whvnelkjbf8cndt4g6 p4ou1z3s5poy1jlf37oi p6l20w0rsjymqwcd4zoy pb3ghsgmpqima9fs0yz4 pbmol9f3do2769htlmag pck7jks8mc37siatz9a9 pekfs1j3oac4a9hejvs6 pf37qy9ubiw4u19rcijk pfef30dl2t06ksikxt58 pfxx94imwln1by4a37fc pk4e70b2lt9zkfmk0h3z pkp8prenq0puyyzsrhdu pm7rixaybdzkn9gyqgn4 po5ml771so0r5qstfpl0 pow8jso7okh9sw1fgtok pqgfcsh9h78m5ehhhkcv priq0pzyrmmuqqmci95r ptcpt5pn87ajohsnw2fe ptf8fotuc37xfk7tdjzx pvh9tkw5wm45szqmaw7p pxag6xrhzjbt47t3btdq pyi9bx86vyh0tjxugqhe pyyp0j59mtwlewxy3q8p 
q0sldvcgiznpfg522r60 q1guidf4x0mw4gpla9xk q4z37xx3cwqceu044z6q qau92x94manckr2xyvyg qbcpklsokvm1frw537bs qff5os2d7aqdzeif9fhp qg4cvvctgjjw2fn8qxpw qgbet1h1h1jv03r0hnpg qgdvao1rujaqfh3he1rr qi937avnq86ibjni253a qjj8b01eqkfcxij73h46 qkivsz9b1p90ebtjhyi4 qko79mcxldtwc8tqisrz qmgt71g617rp1fossfju qn05qjzoy5x4i2pqhyyh qnkkcbf2r4zmx1kj8qqs qpm1y8b093rnpuk6u0pb qrtino24rfs17ip59m7r qti3zcnziptxi1qbi05q qvjsung8fh8flypkcayy qvm648ucn9jqwczltytl qwrycf9pzwuc1sl36eh7 qx6rd6l852xx9w3u5i93 qyrakpuxqmswlkhvy84g 
r189853e3a5sslbh4s4q r1vz54tbx3qfine5n501 r28p4o1n8789oh79ajub r7bn1sbangc4dvcg3ovx r89j524v5l7is9dqj61p r94sstve5a5uuzmcnrlk r9rfytmisgp8qvreeuqy rajzc2fc9twytpgimgo0 raltoo3eohfgr18lpees rbswlji8kv6cd4copzwu rbygc8ktecg985ofyvt3 rd5ivs848lbkryoncl2t rfjewkxhmq8ye2pwu8t6 rh2i071t12ydf6il7y3d rh70bpicbmoxjq5xcnyq rhyq46z4xi6rq2sj48j9 rly97lu009mhbamp13k4 rmf4nmybvmfown2wsd09 rmfo911xazy06e3dyut7 roy9xqlpe4pwu72qigxe rpe8nx09hek15kb2js9m rpqpgppexzyvm32h8c0e rqdut0lidkaxk4764vsl rt111rvpsq1kafu4ubvz rthcxxven4t30z85zg4h rxmtc0pz69xqcjruikw0 
s4jk7r4c8ptcpauv7382 s5uh3a193e6kus6hmda3 s6oehuihrse8tclq4gie s8qy938exbcase1q7jf8 s8y4vot6w2hwlgnx2y2p s96vi6jnhv5v3zvt5i73 sddwqbqjr74g7jz2fryo sdeaur1tqudq2v9m1525 sdyu6b30lm80w13gigy9 sgac9px0g2po5jhspzps skehepm6nw0ssviokxrm skinq0sq1u49vldfyjff sl3zavzeghtp94awem8z slnk6w72v6mnahoxw6sq smhp0nyfz2tyb5pwzqzq smnr2og05m4kcdy7iip9 sn7ftig4sed0fhvykxtr sobn9d444quc0zcgt2qk sp52un6b39a1v0k7o1hb sphci68jpi5qku2by340 sqwx6nlx5gi5016x13ug ss1wtbi9trz30zmza5ml ssu0m6awjjk6kwam7q61 st0l5cyok1gfw8yzpouo stbwerr05km2v7f18ahn sv6e5ugotljkflj9yht3 svkc2rb36gfuphfu1r5i swi7hd4qpv2jwpog5mzh syx8i7rzqhbvkvve2cig 
t0f1uj76qrjrtlclervn t6kj30s9rc71mee6aucl t6wuhcklkodggim0rdh7 t84bfgz37va9y1rsajfq t8rh96qr92kztwxq4o1m tb2sx4pg8un7ah1c881w tcrc6x3xhyudtjdldaoe td76rjikmbzm2mh27a30 tdzaazfzql7maz14qki9 tg6yw262dzh7oprsnvm5 tgama1v1yhye3f2qqwvc thf3fs21bqhgy8aq53am ti2je03y2wqs4atcjsf4 tjl6wzuxew4155cbixaz tk4p8i655lsmtbio58fl tkheu1nky7zfffy9fl10 tl8o8i15rjnqcf461t0y tlt4emdu8ox2yusg0w5c tn5g0vrsvr4j8bbpdb4d tnaau14x6uv6cs3qa4z2 tnda2s0cma2sg5x81ot3 tnjnea5hwdskxzxez38g topb9bunskhl4fiyaroq toyl2bbu3szaaxs2a4vs tpxutlv5ykn225mc7qnr tqhsnfud4avqoabecm4h tqqifw7zivktscchih3m trkpkfo54js0edoqhffl tshdiakjg2n8rnbnkq1a tsiqyfbgyctdu5m7brtx tst1jfvvfr1wk9d8rc9o tt9gb1lj7c8sqhhez1os tth45yu3go8wmsdh71yo ttkaehs242brr2900med ttkgw8pxdfasdqmhrcuo tw92c8va6poetpklxshf txa452jmkjbajf4nm0n2 txm66m1thfmgx0s1v8hb tyc5a329g72vhbb6eypm tzxoupes688xx8bvp4v4 
u0e0ulixvpwizhxydtw3 u1q425b3vitd9j93bzpn u2bqjyeh6rj33p0l4vsp u3hqhvwvb1rwjzt4pifj u3vypeg5ohgwn0apydz0 u523wunusxmkjlooha4w u66g7qez8te7yvdlmbht u68dhypl5zgm89tv5b98 u6trzpjbe20cxf5khzik u8vqdplni3h0cq2kwyfe u9lduk93gyxwcfdh9hox uczg7d0f2dw6m21qkbj1 ue14cf6as8tvtkdgqcd3 ueksonv1pg7p1pphhvft ugeij9ea68jvv2h2hp9t ui93hbao8iim9ihznh7j ukkfkqff4t1tq09a55w4 ukvj9edux3sjdszwnsbv umgp5ksth9m4aqygs5nm unbl2d2k7dqj6g1v5tqq uo502fzvmf5kdpa270pw uoazeaphksrxrbc2cfn3 uoc9egzpjv2l1w6fk8yp up8ux4hjxh8r3odf4p1n uprydw6jqf6l111wiolm uqez2egh6brxl494lm9g urbyeskjydlmfrrrwo7o ure7yibw7lyweiez8p19 urzp5ayw1d2dkqij22ga ut36po4xqz8h2tz90ncq uu0pcw8mwk62gz885zac uvr6xs7ugv88z09hvt7e uxh1kvz3my8s6yn95xor uyrb09gvwtf8eymhnge5 uzxtlsu3g0h0ebhz58av 
v0exbf7k2pdk19mmm5vm v1ckoragcicfou0tnxlg v1ewv7ewfop390u1tcxu v1imw7fzvhr17mk2b7ql v1jyco9hjerx8zplclr0 v2jg2t9y2951wjv9atbr v2kcgl9qu95k0nsew443 v58i05ea6onbcg52lhl3 v5irptyr5h8tc6ilpfuw v757j4e7rdm01a7lv5n5 v7l7bd4g1f3mq1jvqavz v92wr6wvyu1ojfoycwwi vbt0t33io8j608h707q2 vcan0i475vf1obhxien2 vdnw72oe6vv4tsk3jqc7 veqslp7le6yueunxw8ek vg0hap1vivq08d1xtini vgeo9x59oth1omlxkxmw vgiwtq5bojpraab0hzvd vjljeh0c4m52yoroon5v vm2fpvhefqil3bxv0eaj vm5848l40wuyyr3upa1k vow4j3zifiyxslzrahlo vp7p7o2ayn7ayxy92j1g vq1skzrhacm40nz8tzrm vquadj0e4qyk8w695o5k vrryqfzg716goi7ccwq6 vru3nzoafe1ng9db6wlf vs5y7uu1inso8fmdbo2s vuvne3canbn01bturfmu vv44b0dtyy0zlfgdpos1 vwjk3sjmq3twcbzzu4zi vyoutb4e928uh0tphog1 
w6g4y3ez1i545z067sv3 w6zk60lqwukftb3yp7mz w77334c0rd5oh8gsl8w1 wbc5y4v56he7wd0vjddo wbd1h9akfi0mhstix6hr we9c38gimgfq5kw1hajx wg076uipr57lypue1saz wg4upz34hezdya1runti wge7iouoof1ejk0z7cmx whhq1sxnzp6mlxqwliy8 wipag8afs5d3dzh2xevp wje6wfy3x6wgvid145nz wjrhzdl7jbrllceyi2km wjy9o22q225xcx0mu1h6 wolg23wc6s1kbclpipw6 wr4mbfue6o2ti4mks38d wubmwlg0kprywbezafxq wucgcfn5nl1xt3bzegqy wwm4l6s1a394e3lm1g9v wyx50sepdpih6crp38a3 wz0se441bo25ibukyj1x 
x1c3loes1pqlrdyda59j x1mttjadqtmldl7wl3w0 x1uh667er9qzjn4ez22u x7brh7wbel88j6f07fw7 x7zmutdecore9ydaq6ei x8bjiuzstfj8v87qnbdt x910n5s3v30t3xq7x7rl xb38pdljsedrsnimlsyc xcm7yf6glqba1o5lt2x8 xcptignr2p4cxdc5j572 xdutop2lh7dzbw0nrwb5 xfpxixqxvaypoev5mjjg xgenpd7r8dt4mefle1m3 xggqv3f4uw3bokj2h223 xh3kjd3q22iu2m8jnhfm xhkj227qqs18fxz9llt6 xhsdshk4ayoqkvcp1dv4 xivrlpa1zprchyn8s2om xjjybwwgcidgrlr5gpti xjnitzrnzyihv2fpvqjk xlz7zyawlrnh5xkm6b5w xne5qah5v9r5ij4bnhaw xnme1fa3opl9jl2ja3r6 xom5evi59yjqfp0ojqm3 xptg3d2449h8ibyq0dww xs8ntblbe97571uxourj xu0lq05pmsfzmnoffrpg xu193lno10qngxqy263g xu7ox3wppvdo90s6yrwj xw7ogdaqmjycwe3fsfpl xxhbh0fehgr1brr6h1oz 
y161ahbimho6su45i9rg y1sjs4z9k472p8wq0e58 y4rgdqmzq1nerv7sjehq y56bhlyjl0q8jad546cq y5e54iaqkh4keixs2vfi y5j6zoyrkuy0yt7wnyer y5ydb7tmvfi6mjnfiitn y8dmjsky9vfj3d1ztmbh y8f1h0fd60t52iftxnzf y8temi7m0aeg3tjj9r2i ycxtthv457ka7akzu89q yddlm7nmu4cqcqmipcjr ye1bhaxxnwx41lk7hqi8 yeh27k8cyesqw35q4a7q yg0i9pajq37kdvk0498p yg7cna7k9zz33jna6woh yhrhxk3r66vbf6okqma1 yjbiydnjq12qujrs61oz ykdgg2qdwmirc6jyiqqj yksccnx4ijt262wzulry yliwoyiqpm4chejuou7e ylpbuqod13prwelafvkt ymup1cjj352vw1kvs5kc yn8v3yn3zugbkz5togbg ynd0hjjwvw7e625wu9ia yourowy2wujlnenrpcci yp03wpzfp9xp1fpjnwoz ypemcn7uq6hv6byhqz8f yps5ltm8f7isobtpw3ip ytoqdzvmrpfctcow7t5t yvusrqc7sbewwp309hod yxdn9tucs4x6dgqbdqez yy7jxcpnp7sy92elhigl 
z1wogqx5pgos5t22ys7n z5rlmylkes4cw5w8i67y z7logxy8milazo2mqok9 z7znrr4mg0vr4dftueyh z8mes3pbam2yauqeig2j z8sg9uop4cp5hjbxysnl zc8uib32yq9hamymdxiy zd7kh3su3ttefz7yry7y zgjfunuk0lq6k9ojwblt zgxfoiz5bwem91nclb5k zknjvtpdqd3313whn1gt zlsnmzm1diuh6nuyxy3x zqkjtu3lvcinroefm149 zqzavd3b4z4pls83fy6s zs6sjso5zwtaim0vxp9t ztej3jxl0s21unagsc1c ztip9olww10w5ffvth2u zvpctpoi88magc657ter zxjtxw0czlt8iwrm1uml zyutxhrkpih753r64wsl 
toy
ae
to
m9y3kan1onqi
ma7v3lomgs06g66fwpni
mxiyggb757tbi40734dc
o
x
ff
sg
s
1
1
sg
1
2
13
20.000
